// Jest Snapshot v1, https://goo.gl/fbAQLP

exports[`Header matches the snapshot 1`] = `
[
  <View
    style={
      {
        "alignItems": "center",
        "paddingHorizontal": 20,
        "paddingVertical": 5,
      }
    }
  >
    <Image
      accessibilityLabel="Readly Logo"
      accessibilityRole="image"
      source={
        {
          "testUri": "../../../assets/images/readly.png",
        }
      }
      style={
        {
          "height": 40,
          "width": 90,
        }
      }
    />
  </View>,
  <View
    style={
      {
        "alignItems": "center",
        "backgroundColor": "#6a8fa4",
        "padding": 20,
        "width": "100%",
      }
    }
    testID="subheader-container"
  >
    <Text
      style={
        [
          undefined,
          undefined,
          {
            "fontSize": 16,
            "fontWeight": "600",
            "lineHeight": 24,
          },
          undefined,
          undefined,
          undefined,
          undefined,
          undefined,
          undefined,
          {
            "color": "whitesmoke",
          },
        ]
      }
    >
      <Text>
        heart
      </Text>
      <Text>
        Â 
        I am extremely happy with this app ðŸ¥³
      </Text>
    </Text>
  </View>,
]
`;
