// Jest Snapshot v1, https://goo.gl/fbAQLP

exports[`NotificationCard matches the snapshot 1`] = `
<View
  style={
    {
      "alignItems": "center",
      "borderBottomWidth": 1,
      "borderColor": "white",
      "flexDirection": "row",
      "padding": 20,
    }
  }
>
  <View>
    <Image
      accessibilityLabel="Book cover"
      accessibilityRole="image"
      source={
        {
          "uri": "https://book.com/little-secrets-cover.jpg",
        }
      }
      style={
        {
          "height": 65,
          "marginRight": 10,
          "width": 40,
        }
      }
    />
  </View>
  <View
    style={
      {
        "flex": 1,
      }
    }
  >
    <View
      style={
        {
          "flexDirection": "row",
          "justifyContent": "space-between",
          "paddingBottom": 5,
        }
      }
    >
      <Text
        style={
          [
            undefined,
            undefined,
            {
              "fontSize": 16,
              "fontWeight": "600",
              "lineHeight": 24,
            },
            undefined,
            undefined,
            undefined,
            undefined,
            undefined,
            undefined,
            undefined,
          ]
        }
      >
        New release!
      </Text>
      <View
        style={
          {
            "alignItems": "center",
            "flexDirection": "row",
          }
        }
      >
        <Text
          style={
            [
              undefined,
              undefined,
              undefined,
              undefined,
              undefined,
              {
                "color": "gray",
                "fontSize": 14,
              },
              undefined,
              undefined,
              undefined,
              undefined,
            ]
          }
        >
          5 minutes ago
        </Text>
        <Text>
          circle
        </Text>
      </View>
    </View>
    <Text>
      Little Secrets is released today!
    </Text>
  </View>
</View>
`;
